-- Automatically generated by SQLQueryTestSuite
-- !query
create temp view v (c) as values (1), (null)
-- !query schema
struct<>
-- !query output



-- !query
create temp view v_empty (e) as select 1 where false
-- !query schema
struct<>
-- !query output



-- !query
create table t(c int) using json
-- !query schema
struct<>
-- !query output
org.apache.spark.sql.catalyst.parser.ParseException
{
  "errorClass" : "PARSE_SYNTAX_ERROR",
  "sqlState" : "42601",
  "messageParameters" : {
    "error" : "'json'",
    "hint" : ""
  }
}


-- !query
insert into t values (1), (null)
-- !query schema
struct<>
-- !query output
org.apache.spark.sql.catalyst.ExtendedAnalysisException
{
  "errorClass" : "TABLE_OR_VIEW_NOT_FOUND",
  "sqlState" : "42P01",
  "messageParameters" : {
    "relationName" : "`t`"
  },
  "queryContext" : [ {
    "objectType" : "",
    "objectName" : "",
    "startIndex" : 13,
    "stopIndex" : 13,
    "fragment" : "t"
  } ]
}


-- !query
create table t2(d int) using json
-- !query schema
struct<>
-- !query output
org.apache.spark.sql.catalyst.parser.ParseException
{
  "errorClass" : "PARSE_SYNTAX_ERROR",
  "sqlState" : "42601",
  "messageParameters" : {
    "error" : "'json'",
    "hint" : ""
  }
}


-- !query
insert into t2 values (2)
-- !query schema
struct<>
-- !query output
org.apache.spark.sql.catalyst.ExtendedAnalysisException
{
  "errorClass" : "TABLE_OR_VIEW_NOT_FOUND",
  "sqlState" : "42P01",
  "messageParameters" : {
    "relationName" : "`t2`"
  },
  "queryContext" : [ {
    "objectType" : "",
    "objectName" : "",
    "startIndex" : 13,
    "stopIndex" : 14,
    "fragment" : "t2"
  } ]
}


-- !query
create table t_empty(e int) using json
-- !query schema
struct<>
-- !query output
org.apache.spark.sql.catalyst.parser.ParseException
{
  "errorClass" : "PARSE_SYNTAX_ERROR",
  "sqlState" : "42601",
  "messageParameters" : {
    "error" : "'json'",
    "hint" : ""
  }
}


-- !query
set spark.sql.legacy.nullInEmptyListBehavior = false
-- !query schema
struct<key:string,value:string>
-- !query output
spark.sql.legacy.nullInEmptyListBehavior	false


-- !query
select c, c in (select e from t_empty) from t
-- !query schema
struct<>
-- !query output
org.apache.spark.sql.catalyst.ExtendedAnalysisException
{
  "errorClass" : "TABLE_OR_VIEW_NOT_FOUND",
  "sqlState" : "42P01",
  "messageParameters" : {
    "relationName" : "`t`"
  },
  "queryContext" : [ {
    "objectType" : "",
    "objectName" : "",
    "startIndex" : 45,
    "stopIndex" : 45,
    "fragment" : "t"
  } ]
}


-- !query
select c, c in (select e from v_empty) from v
-- !query schema
struct<c:int,(c IN (listquery())):boolean>
-- !query output
1	false
NULL	false


-- !query
select c, c not in (select e from t_empty) from t
-- !query schema
struct<>
-- !query output
org.apache.spark.sql.catalyst.ExtendedAnalysisException
{
  "errorClass" : "TABLE_OR_VIEW_NOT_FOUND",
  "sqlState" : "42P01",
  "messageParameters" : {
    "relationName" : "`t`"
  },
  "queryContext" : [ {
    "objectType" : "",
    "objectName" : "",
    "startIndex" : 49,
    "stopIndex" : 49,
    "fragment" : "t"
  } ]
}


-- !query
select c, c not in (select e from v_empty) from v
-- !query schema
struct<c:int,(NOT (c IN (listquery()))):boolean>
-- !query output
1	true
NULL	true


-- !query
select null in (select e from t_empty)
-- !query schema
struct<>
-- !query output
org.apache.spark.sql.catalyst.ExtendedAnalysisException
{
  "errorClass" : "TABLE_OR_VIEW_NOT_FOUND",
  "sqlState" : "42P01",
  "messageParameters" : {
    "relationName" : "`t_empty`"
  },
  "queryContext" : [ {
    "objectType" : "",
    "objectName" : "",
    "startIndex" : 31,
    "stopIndex" : 37,
    "fragment" : "t_empty"
  } ]
}


-- !query
select null in (select e from v_empty)
-- !query schema
struct<(NULL IN (listquery())):boolean>
-- !query output
false


-- !query
select null not in (select e from t_empty)
-- !query schema
struct<>
-- !query output
org.apache.spark.sql.catalyst.ExtendedAnalysisException
{
  "errorClass" : "TABLE_OR_VIEW_NOT_FOUND",
  "sqlState" : "42P01",
  "messageParameters" : {
    "relationName" : "`t_empty`"
  },
  "queryContext" : [ {
    "objectType" : "",
    "objectName" : "",
    "startIndex" : 35,
    "stopIndex" : 41,
    "fragment" : "t_empty"
  } ]
}


-- !query
select null not in (select e from v_empty)
-- !query schema
struct<(NOT (NULL IN (listquery()))):boolean>
-- !query output
true


-- !query
select * from t left join t2 on (t.c in (select e from t_empty)) is null
-- !query schema
struct<>
-- !query output
org.apache.spark.sql.catalyst.ExtendedAnalysisException
{
  "errorClass" : "TABLE_OR_VIEW_NOT_FOUND",
  "sqlState" : "42P01",
  "messageParameters" : {
    "relationName" : "`t`"
  },
  "queryContext" : [ {
    "objectType" : "",
    "objectName" : "",
    "startIndex" : 15,
    "stopIndex" : 15,
    "fragment" : "t"
  } ]
}


-- !query
select * from t left join t2 on (t.c not in (select e from t_empty)) is null
-- !query schema
struct<>
-- !query output
org.apache.spark.sql.catalyst.ExtendedAnalysisException
{
  "errorClass" : "TABLE_OR_VIEW_NOT_FOUND",
  "sqlState" : "42P01",
  "messageParameters" : {
    "relationName" : "`t`"
  },
  "queryContext" : [ {
    "objectType" : "",
    "objectName" : "",
    "startIndex" : 15,
    "stopIndex" : 15,
    "fragment" : "t"
  } ]
}


-- !query
set spark.sql.optimizer.optimizeUncorrelatedInSubqueriesInJoinCondition.enabled=true
-- !query schema
struct<key:string,value:string>
-- !query output
spark.sql.optimizer.optimizeUncorrelatedInSubqueriesInJoinCondition.enabled	true


-- !query
select * from t left join t2 on (t.c in (select e from t_empty)) is null
-- !query schema
struct<>
-- !query output
org.apache.spark.sql.catalyst.ExtendedAnalysisException
{
  "errorClass" : "TABLE_OR_VIEW_NOT_FOUND",
  "sqlState" : "42P01",
  "messageParameters" : {
    "relationName" : "`t`"
  },
  "queryContext" : [ {
    "objectType" : "",
    "objectName" : "",
    "startIndex" : 15,
    "stopIndex" : 15,
    "fragment" : "t"
  } ]
}


-- !query
select * from t left join t2 on (t.c not in (select e from t_empty)) is null
-- !query schema
struct<>
-- !query output
org.apache.spark.sql.catalyst.ExtendedAnalysisException
{
  "errorClass" : "TABLE_OR_VIEW_NOT_FOUND",
  "sqlState" : "42P01",
  "messageParameters" : {
    "relationName" : "`t`"
  },
  "queryContext" : [ {
    "objectType" : "",
    "objectName" : "",
    "startIndex" : 15,
    "stopIndex" : 15,
    "fragment" : "t"
  } ]
}


-- !query
set spark.sql.legacy.nullInEmptyListBehavior = true
-- !query schema
struct<key:string,value:string>
-- !query output
spark.sql.legacy.nullInEmptyListBehavior	true


-- !query
set spark.sql.optimizer.optimizeUncorrelatedInSubqueriesInJoinCondition.enabled=false
-- !query schema
struct<key:string,value:string>
-- !query output
spark.sql.optimizer.optimizeUncorrelatedInSubqueriesInJoinCondition.enabled	false


-- !query
select null in (select e from t_empty)
-- !query schema
struct<>
-- !query output
org.apache.spark.sql.catalyst.ExtendedAnalysisException
{
  "errorClass" : "TABLE_OR_VIEW_NOT_FOUND",
  "sqlState" : "42P01",
  "messageParameters" : {
    "relationName" : "`t_empty`"
  },
  "queryContext" : [ {
    "objectType" : "",
    "objectName" : "",
    "startIndex" : 31,
    "stopIndex" : 37,
    "fragment" : "t_empty"
  } ]
}


-- !query
select null in (select e from v_empty)
-- !query schema
struct<(NULL IN (listquery())):boolean>
-- !query output
NULL


-- !query
select null not in (select e from t_empty)
-- !query schema
struct<>
-- !query output
org.apache.spark.sql.catalyst.ExtendedAnalysisException
{
  "errorClass" : "TABLE_OR_VIEW_NOT_FOUND",
  "sqlState" : "42P01",
  "messageParameters" : {
    "relationName" : "`t_empty`"
  },
  "queryContext" : [ {
    "objectType" : "",
    "objectName" : "",
    "startIndex" : 35,
    "stopIndex" : 41,
    "fragment" : "t_empty"
  } ]
}


-- !query
select null not in (select e from v_empty)
-- !query schema
struct<(NOT (NULL IN (listquery()))):boolean>
-- !query output
NULL


-- !query
select * from t left join t2 on (t.c in (select e from t_empty)) is null
-- !query schema
struct<>
-- !query output
org.apache.spark.sql.catalyst.ExtendedAnalysisException
{
  "errorClass" : "TABLE_OR_VIEW_NOT_FOUND",
  "sqlState" : "42P01",
  "messageParameters" : {
    "relationName" : "`t`"
  },
  "queryContext" : [ {
    "objectType" : "",
    "objectName" : "",
    "startIndex" : 15,
    "stopIndex" : 15,
    "fragment" : "t"
  } ]
}


-- !query
select * from t left join t2 on (t.c not in (select e from t_empty)) is null
-- !query schema
struct<>
-- !query output
org.apache.spark.sql.catalyst.ExtendedAnalysisException
{
  "errorClass" : "TABLE_OR_VIEW_NOT_FOUND",
  "sqlState" : "42P01",
  "messageParameters" : {
    "relationName" : "`t`"
  },
  "queryContext" : [ {
    "objectType" : "",
    "objectName" : "",
    "startIndex" : 15,
    "stopIndex" : 15,
    "fragment" : "t"
  } ]
}


-- !query
reset spark.sql.legacy.nullInEmptyListBehavior
-- !query schema
struct<>
-- !query output



-- !query
reset spark.sql.optimizer.optimizeUncorrelatedInSubqueriesInJoinCondition.enabled
-- !query schema
struct<>
-- !query output



-- !query
drop table t
-- !query schema
struct<>
-- !query output
org.apache.spark.sql.catalyst.analysis.NoSuchTableException
{
  "errorClass" : "TABLE_OR_VIEW_NOT_FOUND",
  "sqlState" : "42P01",
  "messageParameters" : {
    "relationName" : "`spark_catalog`.`default`.`t`"
  }
}


-- !query
drop table t2
-- !query schema
struct<>
-- !query output
org.apache.spark.sql.catalyst.analysis.NoSuchTableException
{
  "errorClass" : "TABLE_OR_VIEW_NOT_FOUND",
  "sqlState" : "42P01",
  "messageParameters" : {
    "relationName" : "`spark_catalog`.`default`.`t2`"
  }
}


-- !query
drop table t_empty
-- !query schema
struct<>
-- !query output
org.apache.spark.sql.catalyst.analysis.NoSuchTableException
{
  "errorClass" : "TABLE_OR_VIEW_NOT_FOUND",
  "sqlState" : "42P01",
  "messageParameters" : {
    "relationName" : "`spark_catalog`.`default`.`t_empty`"
  }
}
