-- Automatically generated by SQLQueryTestSuite
-- !query
CREATE DATABASE showdb
-- !query analysis
CreateNamespace false
+- ResolvedNamespace V2SessionCatalog(spark_catalog), [showdb]


-- !query
USE showdb
-- !query analysis
SetCatalogAndNamespace
+- ResolvedNamespace V2SessionCatalog(spark_catalog), [showdb]


-- !query
CREATE TABLE showcolumn1 (col1 int, `col 2` int) USING json
-- !query analysis
org.apache.spark.sql.catalyst.parser.ParseException
{
  "errorClass" : "PARSE_SYNTAX_ERROR",
  "sqlState" : "42601",
  "messageParameters" : {
    "error" : "'json'",
    "hint" : ""
  }
}


-- !query
CREATE TABLE showcolumn2 (price int, qty int, year int, month int) USING parquet partitioned by (year, month)
-- !query analysis
CreateDataSourceTableCommand `spark_catalog`.`showdb`.`showcolumn2`, false


-- !query
CREATE TEMPORARY VIEW showColumn3 (col3 int, `col 4` int) USING json
-- !query analysis
org.apache.spark.sql.catalyst.parser.ParseException
{
  "errorClass" : "PARSE_SYNTAX_ERROR",
  "sqlState" : "42601",
  "messageParameters" : {
    "error" : "'json'",
    "hint" : ""
  }
}


-- !query
CREATE GLOBAL TEMP VIEW showColumn4 AS SELECT 1 as col1, 'abc' as `col 5`
-- !query analysis
CreateViewCommand `showColumn4`, SELECT 1 as col1, 'abc' as `col 5`, false, false, GlobalTempView, UNSUPPORTED, true
   +- Project [1 AS col1#x, abc AS col 5#x]
      +- OneRowRelation


-- !query
SHOW COLUMNS IN showcolumn1
-- !query analysis
org.apache.spark.sql.catalyst.ExtendedAnalysisException
{
  "errorClass" : "TABLE_OR_VIEW_NOT_FOUND",
  "sqlState" : "42P01",
  "messageParameters" : {
    "relationName" : "`showcolumn1`"
  },
  "queryContext" : [ {
    "objectType" : "",
    "objectName" : "",
    "startIndex" : 17,
    "stopIndex" : 27,
    "fragment" : "showcolumn1"
  } ]
}


-- !query
SHOW COLUMNS IN showdb.showcolumn1
-- !query analysis
org.apache.spark.sql.catalyst.ExtendedAnalysisException
{
  "errorClass" : "TABLE_OR_VIEW_NOT_FOUND",
  "sqlState" : "42P01",
  "messageParameters" : {
    "relationName" : "`showdb`.`showcolumn1`"
  },
  "queryContext" : [ {
    "objectType" : "",
    "objectName" : "",
    "startIndex" : 17,
    "stopIndex" : 34,
    "fragment" : "showdb.showcolumn1"
  } ]
}


-- !query
SHOW COLUMNS IN showcolumn1 FROM showdb
-- !query analysis
org.apache.spark.sql.catalyst.ExtendedAnalysisException
{
  "errorClass" : "TABLE_OR_VIEW_NOT_FOUND",
  "sqlState" : "42P01",
  "messageParameters" : {
    "relationName" : "`showdb`.`showcolumn1`"
  },
  "queryContext" : [ {
    "objectType" : "",
    "objectName" : "",
    "startIndex" : 17,
    "stopIndex" : 27,
    "fragment" : "showcolumn1"
  } ]
}


-- !query
SHOW COLUMNS IN showcolumn2 IN showdb
-- !query analysis
ShowColumnsCommand showdb, `spark_catalog`.`showdb`.`showcolumn2`, [col_name#x]


-- !query
SHOW COLUMNS IN badtable FROM showdb
-- !query analysis
org.apache.spark.sql.catalyst.ExtendedAnalysisException
{
  "errorClass" : "TABLE_OR_VIEW_NOT_FOUND",
  "sqlState" : "42P01",
  "messageParameters" : {
    "relationName" : "`showdb`.`badtable`"
  },
  "queryContext" : [ {
    "objectType" : "",
    "objectName" : "",
    "startIndex" : 17,
    "stopIndex" : 24,
    "fragment" : "badtable"
  } ]
}


-- !query
SHOW COLUMNS IN showdb.showcolumn1 from SHOWDB
-- !query analysis
org.apache.spark.sql.catalyst.ExtendedAnalysisException
{
  "errorClass" : "TABLE_OR_VIEW_NOT_FOUND",
  "sqlState" : "42P01",
  "messageParameters" : {
    "relationName" : "`showdb`.`showcolumn1`"
  },
  "queryContext" : [ {
    "objectType" : "",
    "objectName" : "",
    "startIndex" : 17,
    "stopIndex" : 34,
    "fragment" : "showdb.showcolumn1"
  } ]
}


-- !query
SHOW COLUMNS IN showdb.showcolumn1 FROM baddb
-- !query analysis
org.apache.spark.sql.catalyst.ExtendedAnalysisException
{
  "errorClass" : "TABLE_OR_VIEW_NOT_FOUND",
  "sqlState" : "42P01",
  "messageParameters" : {
    "relationName" : "`showdb`.`showcolumn1`"
  },
  "queryContext" : [ {
    "objectType" : "",
    "objectName" : "",
    "startIndex" : 17,
    "stopIndex" : 34,
    "fragment" : "showdb.showcolumn1"
  } ]
}


-- !query
SHOW COLUMNS IN showcolumn3
-- !query analysis
org.apache.spark.sql.catalyst.ExtendedAnalysisException
{
  "errorClass" : "TABLE_OR_VIEW_NOT_FOUND",
  "sqlState" : "42P01",
  "messageParameters" : {
    "relationName" : "`showcolumn3`"
  },
  "queryContext" : [ {
    "objectType" : "",
    "objectName" : "",
    "startIndex" : 17,
    "stopIndex" : 27,
    "fragment" : "showcolumn3"
  } ]
}


-- !query
SHOW COLUMNS IN showdb.showcolumn3
-- !query analysis
org.apache.spark.sql.catalyst.ExtendedAnalysisException
{
  "errorClass" : "TABLE_OR_VIEW_NOT_FOUND",
  "sqlState" : "42P01",
  "messageParameters" : {
    "relationName" : "`showdb`.`showcolumn3`"
  },
  "queryContext" : [ {
    "objectType" : "",
    "objectName" : "",
    "startIndex" : 17,
    "stopIndex" : 34,
    "fragment" : "showdb.showcolumn3"
  } ]
}


-- !query
SHOW COLUMNS IN showcolumn3 FROM showdb
-- !query analysis
org.apache.spark.sql.catalyst.ExtendedAnalysisException
{
  "errorClass" : "TABLE_OR_VIEW_NOT_FOUND",
  "sqlState" : "42P01",
  "messageParameters" : {
    "relationName" : "`showdb`.`showcolumn3`"
  },
  "queryContext" : [ {
    "objectType" : "",
    "objectName" : "",
    "startIndex" : 17,
    "stopIndex" : 27,
    "fragment" : "showcolumn3"
  } ]
}


-- !query
SHOW COLUMNS IN showcolumn4
-- !query analysis
org.apache.spark.sql.catalyst.ExtendedAnalysisException
{
  "errorClass" : "TABLE_OR_VIEW_NOT_FOUND",
  "sqlState" : "42P01",
  "messageParameters" : {
    "relationName" : "`showcolumn4`"
  },
  "queryContext" : [ {
    "objectType" : "",
    "objectName" : "",
    "startIndex" : 17,
    "stopIndex" : 27,
    "fragment" : "showcolumn4"
  } ]
}


-- !query
SHOW COLUMNS IN global_temp.showcolumn4
-- !query analysis
ShowColumnsCommand `global_temp`.`showcolumn4`, [col_name#x]


-- !query
SHOW COLUMNS IN showcolumn4 FROM global_temp
-- !query analysis
ShowColumnsCommand global_temp, `global_temp`.`showcolumn4`, [col_name#x]


-- !query
DROP TABLE showcolumn1
-- !query analysis
org.apache.spark.sql.catalyst.analysis.NoSuchTableException
{
  "errorClass" : "TABLE_OR_VIEW_NOT_FOUND",
  "sqlState" : "42P01",
  "messageParameters" : {
    "relationName" : "`spark_catalog`.`showdb`.`showcolumn1`"
  }
}


-- !query
DROP TABLE showColumn2
-- !query analysis
DropTable false, false
+- ResolvedIdentifier V2SessionCatalog(spark_catalog), showdb.showColumn2


-- !query
DROP VIEW  showcolumn3
-- !query analysis
org.apache.spark.sql.catalyst.analysis.NoSuchTableException
{
  "errorClass" : "TABLE_OR_VIEW_NOT_FOUND",
  "sqlState" : "42P01",
  "messageParameters" : {
    "relationName" : "`spark_catalog`.`showdb`.`showcolumn3`"
  }
}


-- !query
DROP VIEW  global_temp.showcolumn4
-- !query analysis
DropTempViewCommand global_temp.showcolumn4


-- !query
use default
-- !query analysis
SetCatalogAndNamespace
+- ResolvedNamespace V2SessionCatalog(spark_catalog), [default]


-- !query
DROP DATABASE showdb
-- !query analysis
DropNamespace false, false
+- ResolvedNamespace V2SessionCatalog(spark_catalog), [showdb]
