-- Automatically generated by SQLQueryTestSuite
-- !query
create temp view v (c) as values (1), (null)
-- !query analysis
CreateViewCommand `v`, [(c,None)], values (1), (null), false, false, LocalTempView, UNSUPPORTED, true
   +- LocalRelation [col1#x]


-- !query
create temp view v_empty (e) as select 1 where false
-- !query analysis
CreateViewCommand `v_empty`, [(e,None)], select 1 where false, false, false, LocalTempView, UNSUPPORTED, true
   +- Project [1 AS 1#x]
      +- Filter false
         +- OneRowRelation


-- !query
create table t(c int) using json
-- !query analysis
org.apache.spark.sql.catalyst.parser.ParseException
{
  "errorClass" : "PARSE_SYNTAX_ERROR",
  "sqlState" : "42601",
  "messageParameters" : {
    "error" : "'json'",
    "hint" : ""
  }
}


-- !query
insert into t values (1), (null)
-- !query analysis
org.apache.spark.sql.catalyst.ExtendedAnalysisException
{
  "errorClass" : "TABLE_OR_VIEW_NOT_FOUND",
  "sqlState" : "42P01",
  "messageParameters" : {
    "relationName" : "`t`"
  },
  "queryContext" : [ {
    "objectType" : "",
    "objectName" : "",
    "startIndex" : 13,
    "stopIndex" : 13,
    "fragment" : "t"
  } ]
}


-- !query
create table t2(d int) using json
-- !query analysis
org.apache.spark.sql.catalyst.parser.ParseException
{
  "errorClass" : "PARSE_SYNTAX_ERROR",
  "sqlState" : "42601",
  "messageParameters" : {
    "error" : "'json'",
    "hint" : ""
  }
}


-- !query
insert into t2 values (2)
-- !query analysis
org.apache.spark.sql.catalyst.ExtendedAnalysisException
{
  "errorClass" : "TABLE_OR_VIEW_NOT_FOUND",
  "sqlState" : "42P01",
  "messageParameters" : {
    "relationName" : "`t2`"
  },
  "queryContext" : [ {
    "objectType" : "",
    "objectName" : "",
    "startIndex" : 13,
    "stopIndex" : 14,
    "fragment" : "t2"
  } ]
}


-- !query
create table t_empty(e int) using json
-- !query analysis
org.apache.spark.sql.catalyst.parser.ParseException
{
  "errorClass" : "PARSE_SYNTAX_ERROR",
  "sqlState" : "42601",
  "messageParameters" : {
    "error" : "'json'",
    "hint" : ""
  }
}


-- !query
set spark.sql.legacy.nullInEmptyListBehavior = false
-- !query analysis
SetCommand (spark.sql.legacy.nullInEmptyListBehavior,Some(false))


-- !query
select c, c in (select e from t_empty) from t
-- !query analysis
org.apache.spark.sql.catalyst.ExtendedAnalysisException
{
  "errorClass" : "TABLE_OR_VIEW_NOT_FOUND",
  "sqlState" : "42P01",
  "messageParameters" : {
    "relationName" : "`t`"
  },
  "queryContext" : [ {
    "objectType" : "",
    "objectName" : "",
    "startIndex" : 45,
    "stopIndex" : 45,
    "fragment" : "t"
  } ]
}


-- !query
select c, c in (select e from v_empty) from v
-- !query analysis
Project [c#x, c#x IN (list#x []) AS (c IN (listquery()))#x]
:  +- Project [e#x]
:     +- SubqueryAlias v_empty
:        +- View (`v_empty`, [e#x])
:           +- Project [cast(1#x as int) AS e#x]
:              +- Project [1 AS 1#x]
:                 +- Filter false
:                    +- OneRowRelation
+- SubqueryAlias v
   +- View (`v`, [c#x])
      +- Project [cast(col1#x as int) AS c#x]
         +- LocalRelation [col1#x]


-- !query
select c, c not in (select e from t_empty) from t
-- !query analysis
org.apache.spark.sql.catalyst.ExtendedAnalysisException
{
  "errorClass" : "TABLE_OR_VIEW_NOT_FOUND",
  "sqlState" : "42P01",
  "messageParameters" : {
    "relationName" : "`t`"
  },
  "queryContext" : [ {
    "objectType" : "",
    "objectName" : "",
    "startIndex" : 49,
    "stopIndex" : 49,
    "fragment" : "t"
  } ]
}


-- !query
select c, c not in (select e from v_empty) from v
-- !query analysis
Project [c#x, NOT c#x IN (list#x []) AS (NOT (c IN (listquery())))#x]
:  +- Project [e#x]
:     +- SubqueryAlias v_empty
:        +- View (`v_empty`, [e#x])
:           +- Project [cast(1#x as int) AS e#x]
:              +- Project [1 AS 1#x]
:                 +- Filter false
:                    +- OneRowRelation
+- SubqueryAlias v
   +- View (`v`, [c#x])
      +- Project [cast(col1#x as int) AS c#x]
         +- LocalRelation [col1#x]


-- !query
select null in (select e from t_empty)
-- !query analysis
org.apache.spark.sql.catalyst.ExtendedAnalysisException
{
  "errorClass" : "TABLE_OR_VIEW_NOT_FOUND",
  "sqlState" : "42P01",
  "messageParameters" : {
    "relationName" : "`t_empty`"
  },
  "queryContext" : [ {
    "objectType" : "",
    "objectName" : "",
    "startIndex" : 31,
    "stopIndex" : 37,
    "fragment" : "t_empty"
  } ]
}


-- !query
select null in (select e from v_empty)
-- !query analysis
Project [cast(null as int) IN (list#x []) AS (NULL IN (listquery()))#x]
:  +- Project [e#x]
:     +- Project [e#x]
:        +- SubqueryAlias v_empty
:           +- View (`v_empty`, [e#x])
:              +- Project [cast(1#x as int) AS e#x]
:                 +- Project [1 AS 1#x]
:                    +- Filter false
:                       +- OneRowRelation
+- OneRowRelation


-- !query
select null not in (select e from t_empty)
-- !query analysis
org.apache.spark.sql.catalyst.ExtendedAnalysisException
{
  "errorClass" : "TABLE_OR_VIEW_NOT_FOUND",
  "sqlState" : "42P01",
  "messageParameters" : {
    "relationName" : "`t_empty`"
  },
  "queryContext" : [ {
    "objectType" : "",
    "objectName" : "",
    "startIndex" : 35,
    "stopIndex" : 41,
    "fragment" : "t_empty"
  } ]
}


-- !query
select null not in (select e from v_empty)
-- !query analysis
Project [NOT cast(null as int) IN (list#x []) AS (NOT (NULL IN (listquery())))#x]
:  +- Project [e#x]
:     +- Project [e#x]
:        +- SubqueryAlias v_empty
:           +- View (`v_empty`, [e#x])
:              +- Project [cast(1#x as int) AS e#x]
:                 +- Project [1 AS 1#x]
:                    +- Filter false
:                       +- OneRowRelation
+- OneRowRelation


-- !query
select * from t left join t2 on (t.c in (select e from t_empty)) is null
-- !query analysis
org.apache.spark.sql.catalyst.ExtendedAnalysisException
{
  "errorClass" : "TABLE_OR_VIEW_NOT_FOUND",
  "sqlState" : "42P01",
  "messageParameters" : {
    "relationName" : "`t`"
  },
  "queryContext" : [ {
    "objectType" : "",
    "objectName" : "",
    "startIndex" : 15,
    "stopIndex" : 15,
    "fragment" : "t"
  } ]
}


-- !query
select * from t left join t2 on (t.c not in (select e from t_empty)) is null
-- !query analysis
org.apache.spark.sql.catalyst.ExtendedAnalysisException
{
  "errorClass" : "TABLE_OR_VIEW_NOT_FOUND",
  "sqlState" : "42P01",
  "messageParameters" : {
    "relationName" : "`t`"
  },
  "queryContext" : [ {
    "objectType" : "",
    "objectName" : "",
    "startIndex" : 15,
    "stopIndex" : 15,
    "fragment" : "t"
  } ]
}


-- !query
set spark.sql.optimizer.optimizeUncorrelatedInSubqueriesInJoinCondition.enabled=true
-- !query analysis
SetCommand (spark.sql.optimizer.optimizeUncorrelatedInSubqueriesInJoinCondition.enabled,Some(true))


-- !query
select * from t left join t2 on (t.c in (select e from t_empty)) is null
-- !query analysis
org.apache.spark.sql.catalyst.ExtendedAnalysisException
{
  "errorClass" : "TABLE_OR_VIEW_NOT_FOUND",
  "sqlState" : "42P01",
  "messageParameters" : {
    "relationName" : "`t`"
  },
  "queryContext" : [ {
    "objectType" : "",
    "objectName" : "",
    "startIndex" : 15,
    "stopIndex" : 15,
    "fragment" : "t"
  } ]
}


-- !query
select * from t left join t2 on (t.c not in (select e from t_empty)) is null
-- !query analysis
org.apache.spark.sql.catalyst.ExtendedAnalysisException
{
  "errorClass" : "TABLE_OR_VIEW_NOT_FOUND",
  "sqlState" : "42P01",
  "messageParameters" : {
    "relationName" : "`t`"
  },
  "queryContext" : [ {
    "objectType" : "",
    "objectName" : "",
    "startIndex" : 15,
    "stopIndex" : 15,
    "fragment" : "t"
  } ]
}


-- !query
set spark.sql.legacy.nullInEmptyListBehavior = true
-- !query analysis
SetCommand (spark.sql.legacy.nullInEmptyListBehavior,Some(true))


-- !query
set spark.sql.optimizer.optimizeUncorrelatedInSubqueriesInJoinCondition.enabled=false
-- !query analysis
SetCommand (spark.sql.optimizer.optimizeUncorrelatedInSubqueriesInJoinCondition.enabled,Some(false))


-- !query
select null in (select e from t_empty)
-- !query analysis
org.apache.spark.sql.catalyst.ExtendedAnalysisException
{
  "errorClass" : "TABLE_OR_VIEW_NOT_FOUND",
  "sqlState" : "42P01",
  "messageParameters" : {
    "relationName" : "`t_empty`"
  },
  "queryContext" : [ {
    "objectType" : "",
    "objectName" : "",
    "startIndex" : 31,
    "stopIndex" : 37,
    "fragment" : "t_empty"
  } ]
}


-- !query
select null in (select e from v_empty)
-- !query analysis
Project [cast(null as int) IN (list#x []) AS (NULL IN (listquery()))#x]
:  +- Project [e#x]
:     +- Project [e#x]
:        +- SubqueryAlias v_empty
:           +- View (`v_empty`, [e#x])
:              +- Project [cast(1#x as int) AS e#x]
:                 +- Project [1 AS 1#x]
:                    +- Filter false
:                       +- OneRowRelation
+- OneRowRelation


-- !query
select null not in (select e from t_empty)
-- !query analysis
org.apache.spark.sql.catalyst.ExtendedAnalysisException
{
  "errorClass" : "TABLE_OR_VIEW_NOT_FOUND",
  "sqlState" : "42P01",
  "messageParameters" : {
    "relationName" : "`t_empty`"
  },
  "queryContext" : [ {
    "objectType" : "",
    "objectName" : "",
    "startIndex" : 35,
    "stopIndex" : 41,
    "fragment" : "t_empty"
  } ]
}


-- !query
select null not in (select e from v_empty)
-- !query analysis
Project [NOT cast(null as int) IN (list#x []) AS (NOT (NULL IN (listquery())))#x]
:  +- Project [e#x]
:     +- Project [e#x]
:        +- SubqueryAlias v_empty
:           +- View (`v_empty`, [e#x])
:              +- Project [cast(1#x as int) AS e#x]
:                 +- Project [1 AS 1#x]
:                    +- Filter false
:                       +- OneRowRelation
+- OneRowRelation


-- !query
select * from t left join t2 on (t.c in (select e from t_empty)) is null
-- !query analysis
org.apache.spark.sql.catalyst.ExtendedAnalysisException
{
  "errorClass" : "TABLE_OR_VIEW_NOT_FOUND",
  "sqlState" : "42P01",
  "messageParameters" : {
    "relationName" : "`t`"
  },
  "queryContext" : [ {
    "objectType" : "",
    "objectName" : "",
    "startIndex" : 15,
    "stopIndex" : 15,
    "fragment" : "t"
  } ]
}


-- !query
select * from t left join t2 on (t.c not in (select e from t_empty)) is null
-- !query analysis
org.apache.spark.sql.catalyst.ExtendedAnalysisException
{
  "errorClass" : "TABLE_OR_VIEW_NOT_FOUND",
  "sqlState" : "42P01",
  "messageParameters" : {
    "relationName" : "`t`"
  },
  "queryContext" : [ {
    "objectType" : "",
    "objectName" : "",
    "startIndex" : 15,
    "stopIndex" : 15,
    "fragment" : "t"
  } ]
}


-- !query
reset spark.sql.legacy.nullInEmptyListBehavior
-- !query analysis
ResetCommand spark.sql.legacy.nullInEmptyListBehavior


-- !query
reset spark.sql.optimizer.optimizeUncorrelatedInSubqueriesInJoinCondition.enabled
-- !query analysis
ResetCommand spark.sql.optimizer.optimizeUncorrelatedInSubqueriesInJoinCondition.enabled


-- !query
drop table t
-- !query analysis
org.apache.spark.sql.catalyst.analysis.NoSuchTableException
{
  "errorClass" : "TABLE_OR_VIEW_NOT_FOUND",
  "sqlState" : "42P01",
  "messageParameters" : {
    "relationName" : "`spark_catalog`.`default`.`t`"
  }
}


-- !query
drop table t2
-- !query analysis
org.apache.spark.sql.catalyst.analysis.NoSuchTableException
{
  "errorClass" : "TABLE_OR_VIEW_NOT_FOUND",
  "sqlState" : "42P01",
  "messageParameters" : {
    "relationName" : "`spark_catalog`.`default`.`t2`"
  }
}


-- !query
drop table t_empty
-- !query analysis
org.apache.spark.sql.catalyst.analysis.NoSuchTableException
{
  "errorClass" : "TABLE_OR_VIEW_NOT_FOUND",
  "sqlState" : "42P01",
  "messageParameters" : {
    "relationName" : "`spark_catalog`.`default`.`t_empty`"
  }
}
